[
  [
    {
      "picture": "http://placehold.it/32x32",
      "about": "Commodo voluptate duis minim aute proident aliqua in excepteur. Labore aliqua proident in eiusmod ipsum id do deserunt nostrud laborum. Elit et nulla esse reprehenderit esse laborum officia ex ad Lorem laboris occaecat amet esse. Laborum ullamco velit nulla qui irure dolore. Aliquip amet ut irure consectetur esse quis magna Lorem magna proident enim enim. Cillum labore eiusmod ea mollit nulla culpa cillum sint aute.\r\n",
      "guid": "ba0b6614-8d29-4d3c-b6ac-27c87de005e6",
      "name": "Rosales Hill",
      "randomArrayItem": "cherry",
      "tags": [
        "fugiat",
        "quis",
        "ipsum",
        "proident",
        "aliquip",
        "eu",
        "pariatur"
      ],
      "gender": "male",
      "age": 22,
      "friends": [
        {
          "id": 0,
          "name": "Leona Merrill"
        },
        {
          "id": 1,
          "name": "Sharon Quinn"
        },
        {
          "id": 2,
          "name": "Salas Kim"
        }
      ],
      "registered": "2005-03-21T19:36:07 -00:00",
      "longitude": -105.699761,
      "email": "rosaleshill@quordate.com",
      "phone": "+1 (859) 539-2173",
      "address": "399 Moultrie Street, Dennard, Florida, 8012",
      "latitude": 10.167155,
      "balance": "$1,110.00",
      "company": "Quordate",
      "id": 0,
      "isActive": true
    },
    {
      "picture": "http://placehold.it/32x32",
      "about": "Ea do in quis cupidatat minim cupidatat exercitation laborum incididunt. Ut veniam irure qui voluptate in reprehenderit anim non nostrud ipsum eu velit velit. Aliquip ipsum aute nulla nisi nostrud sint occaecat aute occaecat cillum id nisi et magna. Aute cupidatat labore deserunt Lorem qui est duis ipsum ipsum aliqua eiusmod ad proident. Veniam do ipsum in consectetur quis incididunt enim ex elit elit.\r\n",
      "guid": "048ea2fc-4c1d-40d4-b6f5-d3abdc0b585e",
      "name": "Torres Schultz",
      "randomArrayItem": "apple",
      "tags": [
        "eu",
        "tempor",
        "aute",
        "proident",
        "nisi",
        "velit",
        "occaecat"
      ],
      "gender": "male",
      "age": 37,
      "friends": [
        {
          "id": 0,
          "name": "Roth Gibson"
        },
        {
          "id": 1,
          "name": "Horton Carson"
        },
        {
          "id": 2,
          "name": "Mcguire Richard"
        }
      ],
      "registered": "1995-02-28T16:38:26 -00:00",
      "longitude": -114.243363,
      "email": "torresschultz@coash.com",
      "phone": "+1 (953) 567-2750",
      "address": "170 Macdougal Street, Connerton, Nevada, 1312",
      "latitude": 66.939686,
      "balance": "$2,877.00",
      "company": "Coash",
      "id": 1,
      "isActive": false
    },
    {
      "picture": "http://placehold.it/32x32",
      "about": "Do proident ut proident laborum non ex anim incididunt eiusmod veniam. Duis reprehenderit consectetur anim cupidatat magna aliquip est excepteur adipisicing cupidatat adipisicing reprehenderit. Excepteur consectetur voluptate id duis mollit eiusmod. Non aliqua irure nulla ad veniam incididunt. Quis officia id duis minim culpa officia qui sit magna eu ut do exercitation.\r\n",
      "guid": "fbf70bcd-c408-488d-9f57-06251736d490",
      "name": "John Hoffman",
      "randomArrayItem": "cherry",
      "tags": [
        "laboris",
        "nulla",
        "tempor",
        "eu",
        "quis",
        "minim",
        "aliquip"
      ],
      "gender": "female",
      "age": 36,
      "friends": [
        {
          "id": 0,
          "name": "Marie Mccullough"
        },
        {
          "id": 1,
          "name": "Tate Gilmore"
        },
        {
          "id": 2,
          "name": "Moon Koch"
        }
      ],
      "registered": "1996-05-28T09:30:58 -01:00",
      "longitude": 18.507611,
      "email": "johnhoffman@rodeocean.com",
      "phone": "+1 (928) 515-3294",
      "address": "482 Dumont Avenue, Boonville, Indiana, 9473",
      "latitude": -2.870614,
      "balance": "$3,461.00",
      "company": "Rodeocean",
      "id": 2,
      "isActive": true
    },
    {
      "picture": "http://placehold.it/32x32",
      "about": "Est est tempor eu ex incididunt culpa proident. In ipsum id culpa non. Aliqua mollit pariatur velit dolor id dolor duis labore aute fugiat minim amet ipsum cillum. Excepteur id magna tempor commodo exercitation ullamco consequat tempor. Culpa occaecat ex voluptate anim et.\r\n",
      "guid": "b9b62ec6-97aa-458b-a218-15e02f10dddc",
      "name": "Mueller Walker",
      "randomArrayItem": "apple",
      "tags": [
        "dolore",
        "ea",
        "mollit",
        "tempor",
        "consectetur",
        "ut",
        "ad"
      ],
      "gender": "male",
      "age": 22,
      "friends": [
        {
          "id": 0,
          "name": "Snider Walter"
        },
        {
          "id": 1,
          "name": "Collins Oneill"
        },
        {
          "id": 2,
          "name": "Traci Bruce"
        }
      ],
      "registered": "2011-02-10T08:32:34 -00:00",
      "longitude": -173.534758,
      "email": "muellerwalker@nutralab.com",
      "phone": "+1 (846) 515-2158",
      "address": "835 Hart Street, Yettem, Missouri, 7132",
      "latitude": 1.80955,
      "balance": "$3,371.00",
      "company": "Nutralab",
      "id": 3,
      "isActive": false
    },
    {
      "picture": "http://placehold.it/32x32",
      "about": "Nulla eiusmod voluptate reprehenderit ea proident. Aute minim cupidatat magna ipsum anim cupidatat eu commodo dolore occaecat pariatur ex. Ex fugiat laborum ex reprehenderit. Amet occaecat quis in aute id ullamco reprehenderit mollit adipisicing nostrud ex voluptate proident minim. Labore magna tempor excepteur irure. Lorem exercitation reprehenderit irure veniam.\r\n",
      "guid": "d47bfebb-d0ef-4af6-9521-726b0548c207",
      "name": "Candace Carver",
      "randomArrayItem": "cherry",
      "tags": [
        "consectetur",
        "sit",
        "sit",
        "ipsum",
        "elit",
        "consectetur",
        "aliqua"
      ],
      "gender": "female",
      "age": 36,
      "friends": [
        {
          "id": 0,
          "name": "Christian Michael"
        },
        {
          "id": 1,
          "name": "Beverley Joseph"
        },
        {
          "id": 2,
          "name": "Byrd Duran"
        }
      ],
      "registered": "2012-02-22T18:17:56 -00:00",
      "longitude": 22.797376,
      "email": "candacecarver@exiand.com",
      "phone": "+1 (817) 552-2646",
      "address": "775 Hampton Place, Bascom, California, 3648",
      "latitude": -64.29085,
      "balance": "$2,306.00",
      "company": "Exiand",
      "id": 4,
      "isActive": true
    },
    {
      "picture": "http://placehold.it/32x32",
      "about": "In cillum dolore cupidatat exercitation aute. Culpa fugiat aliqua quis adipisicing nisi officia quis exercitation irure exercitation ut do culpa sint. Cupidatat ad culpa deserunt enim minim deserunt dolore. Magna est incididunt consequat aute proident ipsum pariatur anim ex sit enim sint duis anim.\r\n",
      "guid": "bc671120-b99e-49e1-858e-b43dccb55f7d",
      "name": "Jannie Mcdonald",
      "randomArrayItem": "cherry",
      "tags": [
        "dolor",
        "elit",
        "officia",
        "ex",
        "ullamco",
        "fugiat",
        "aliquip"
      ],
      "gender": "female",
      "age": 22,
      "friends": [
        {
          "id": 0,
          "name": "Joni Peters"
        },
        {
          "id": 1,
          "name": "Woodward Hampton"
        },
        {
          "id": 2,
          "name": "Camacho Wiley"
        }
      ],
      "registered": "2009-04-02T21:09:40 -01:00",
      "longitude": 49.30323,
      "email": "janniemcdonald@magneato.com",
      "phone": "+1 (918) 587-3171",
      "address": "810 Bay Street, Darbydale, New Jersey, 8839",
      "latitude": 56.028961,
      "balance": "$2,558.00",
      "company": "Magneato",
      "id": 5,
      "isActive": true
    }
  ]
]